[     275ms] [INFO] %cDownload the React DevTools for a better development experience: https://react.dev/link/react-devtools font-weight:bold @ http://localhost:3000/_next/static/chunks/node_modules_next_dist_1e8vcs8._.js:776
[     308ms] [LOG] [HMR] connected @ http://localhost:3000/_next/static/chunks/node_modules_next_dist_1e8vcs8._.js:776
[     524ms] [LOG] [Fast Refresh] rebuilding @ http://localhost:3000/_next/static/chunks/node_modules_next_dist_1e8vcs8._.js:776
[    1392ms] [ERROR] Failed to load resource: the server responded with a status of 400 () @ https://azugckptrmgxsilbiffb.supabase.co/rest/v1/students?select=id%2Cnis%2Cname&school_id=eq.11111111-1111-1111-1111-111111111111&order=name.asc:0
[    1587ms] [ERROR] Failed to load resource: the server responded with a status of 400 () @ https://azugckptrmgxsilbiffb.supabase.co/rest/v1/students?select=id%2Cnis%2Cname&school_id=eq.11111111-1111-1111-1111-111111111111&order=name.asc:0
[    2381ms] [LOG] [Fast Refresh] done in 1975ms @ http://localhost:3000/_next/static/chunks/node_modules_next_dist_1e8vcs8._.js:776
[  115576ms] [LOG] [Fast Refresh] rebuilding @ http://localhost:3000/_next/static/chunks/node_modules_next_dist_1e8vcs8._.js:776
[  140407ms] [ERROR] Failed to load resource: the server responded with a status of 400 () @ https://azugckptrmgxsilbiffb.supabase.co/rest/v1/students?select=id%2Cnis%2Cname&school_id=eq.11111111-1111-1111-1111-111111111111&order=name.asc:0
[  142783ms] [LOG] [Fast Refresh] done in 27229ms @ http://localhost:3000/_next/static/chunks/node_modules_next_dist_1e8vcs8._.js:776
[  263519ms] [LOG] [Fast Refresh] rebuilding @ http://localhost:3000/_next/static/chunks/node_modules_next_dist_1e8vcs8._.js:776
[  266513ms] [LOG] [Fast Refresh] done in 2868ms @ http://localhost:3000/_next/static/chunks/node_modules_next_dist_1e8vcs8._.js:776
[  266596ms] [LOG] [Fast Refresh] done in 2868ms @ http://localhost:3000/_next/static/chunks/node_modules_next_dist_1e8vcs8._.js:776
[  266651ms] [LOG] [Fast Refresh] done in 2868ms @ http://localhost:3000/_next/static/chunks/node_modules_next_dist_1e8vcs8._.js:776
[  266706ms] [LOG] [Fast Refresh] done in 2868ms @ http://localhost:3000/_next/static/chunks/node_modules_next_dist_1e8vcs8._.js:776
[  266773ms] [LOG] [Fast Refresh] done in 2868ms @ http://localhost:3000/_next/static/chunks/node_modules_next_dist_1e8vcs8._.js:776
[  266851ms] [LOG] [Fast Refresh] done in 2868ms @ http://localhost:3000/_next/static/chunks/node_modules_next_dist_1e8vcs8._.js:776
[  266920ms] [LOG] [Fast Refresh] done in 2868ms @ http://localhost:3000/_next/static/chunks/node_modules_next_dist_1e8vcs8._.js:776
[  266984ms] [LOG] [Fast Refresh] done in 2868ms @ http://localhost:3000/_next/static/chunks/node_modules_next_dist_1e8vcs8._.js:776
[  267052ms] [LOG] [Fast Refresh] done in 2868ms @ http://localhost:3000/_next/static/chunks/node_modules_next_dist_1e8vcs8._.js:776
[  267106ms] [LOG] [Fast Refresh] done in 2868ms @ http://localhost:3000/_next/static/chunks/node_modules_next_dist_1e8vcs8._.js:776
[  267167ms] [LOG] [Fast Refresh] done in 2868ms @ http://localhost:3000/_next/static/chunks/node_modules_next_dist_1e8vcs8._.js:776
[  267221ms] [LOG] [Fast Refresh] done in 2868ms @ http://localhost:3000/_next/static/chunks/node_modules_next_dist_1e8vcs8._.js:776
[  267280ms] [LOG] [Fast Refresh] done in 2868ms @ http://localhost:3000/_next/static/chunks/node_modules_next_dist_1e8vcs8._.js:776
